// Jest Snapshot v1, https://goo.gl/fbAQLP

exports[`<ButtonElection /> Deber√≠a devolver categoria almuerzo al clickear   1`] = `undefined`;
